###############################################################################
#
# IAR ELF Linker V8.11.1.13263/W32 for ARM                07/Jul/2017  18:07:43
# Copyright 2007-2017 IAR Systems AB.
#
#    Output file  =  
#        F:\01__飞思卡尔智能车\大产7-15\大产7-15\Prj\IAR\FN15_Debug\Exe\vcan_Kinetis.out
#    Map file     =  
#        F:\01__飞思卡尔智能车\大产7-15\大产7-15\Prj\IAR\FN15_Debug\List\vcan_Kinetis.map
#    Command line =  
#        -f C:\Users\DELL\AppData\Local\Temp\EW1B56.tmp
#        (F:\01__飞思卡尔智能车\大产7-15\大产7-15\Prj\IAR\FN15_Debug\Obj\Arithmetic.o
#        F:\01__飞思卡尔智能车\大产7-15\大产7-15\Prj\IAR\FN15_Debug\Obj\CarFont.o
#        F:\01__飞思卡尔智能车\大产7-15\大产7-15\Prj\IAR\FN15_Debug\Obj\Debug.o
#        F:\01__飞思卡尔智能车\大产7-15\大产7-15\Prj\IAR\FN15_Debug\Obj\diskio.o
#        F:\01__飞思卡尔智能车\大产7-15\大产7-15\Prj\IAR\FN15_Debug\Obj\DMA.o
#        F:\01__飞思卡尔智能车\大产7-15\大产7-15\Prj\IAR\FN15_Debug\Obj\Duoji.o
#        F:\01__飞思卡尔智能车\大产7-15\大产7-15\Prj\IAR\FN15_Debug\Obj\ff.o
#        F:\01__飞思卡尔智能车\大产7-15\大产7-15\Prj\IAR\FN15_Debug\Obj\ImageDeal.o
#        F:\01__飞思卡尔智能车\大产7-15\大产7-15\Prj\IAR\FN15_Debug\Obj\Init.o
#        F:\01__飞思卡尔智能车\大产7-15\大产7-15\Prj\IAR\FN15_Debug\Obj\IRQ.o
#        F:\01__飞思卡尔智能车\大产7-15\大产7-15\Prj\IAR\FN15_Debug\Obj\JiaoZheng.o
#        F:\01__飞思卡尔智能车\大产7-15\大产7-15\Prj\IAR\FN15_Debug\Obj\LCD.o
#        F:\01__飞思卡尔智能车\大产7-15\大产7-15\Prj\IAR\FN15_Debug\Obj\Lvbo.o
#        F:\01__飞思卡尔智能车\大产7-15\大产7-15\Prj\IAR\FN15_Debug\Obj\main.o
#        F:\01__飞思卡尔智能车\大产7-15\大产7-15\Prj\IAR\FN15_Debug\Obj\misc.o
#        F:\01__飞思卡尔智能车\大产7-15\大产7-15\Prj\IAR\FN15_Debug\Obj\MK60_adc.o
#        F:\01__飞思卡尔智能车\大产7-15\大产7-15\Prj\IAR\FN15_Debug\Obj\MK60_can.o
#        F:\01__飞思卡尔智能车\大产7-15\大产7-15\Prj\IAR\FN15_Debug\Obj\MK60_conf.o
#        F:\01__飞思卡尔智能车\大产7-15\大产7-15\Prj\IAR\FN15_Debug\Obj\MK60_dac.o
#        F:\01__飞思卡尔智能车\大产7-15\大产7-15\Prj\IAR\FN15_Debug\Obj\MK60_dma.o
#        F:\01__飞思卡尔智能车\大产7-15\大产7-15\Prj\IAR\FN15_Debug\Obj\MK60_DWT.o
#        F:\01__飞思卡尔智能车\大产7-15\大产7-15\Prj\IAR\FN15_Debug\Obj\MK60_flash.o
#        F:\01__飞思卡尔智能车\大产7-15\大产7-15\Prj\IAR\FN15_Debug\Obj\MK60_flexbus.o
#        F:\01__飞思卡尔智能车\大产7-15\大产7-15\Prj\IAR\FN15_Debug\Obj\MK60_ftm.o
#        F:\01__飞思卡尔智能车\大产7-15\大产7-15\Prj\IAR\FN15_Debug\Obj\MK60_gpio.o
#        F:\01__飞思卡尔智能车\大产7-15\大产7-15\Prj\IAR\FN15_Debug\Obj\MK60_i2c.o
#        F:\01__飞思卡尔智能车\大产7-15\大产7-15\Prj\IAR\FN15_Debug\Obj\MK60_it.o
#        F:\01__飞思卡尔智能车\大产7-15\大产7-15\Prj\IAR\FN15_Debug\Obj\MK60_lptmr.o
#        F:\01__飞思卡尔智能车\大产7-15\大产7-15\Prj\IAR\FN15_Debug\Obj\MK60_mcg.o
#        F:\01__飞思卡尔智能车\大产7-15\大产7-15\Prj\IAR\FN15_Debug\Obj\MK60_PIT.o
#        F:\01__飞思卡尔智能车\大产7-15\大产7-15\Prj\IAR\FN15_Debug\Obj\MK60_port.o
#        F:\01__飞思卡尔智能车\大产7-15\大产7-15\Prj\IAR\FN15_Debug\Obj\MK60_rtc.o
#        F:\01__飞思卡尔智能车\大产7-15\大产7-15\Prj\IAR\FN15_Debug\Obj\MK60_sdhc.o
#        F:\01__飞思卡尔智能车\大产7-15\大产7-15\Prj\IAR\FN15_Debug\Obj\MK60_spi.o
#        F:\01__飞思卡尔智能车\大产7-15\大产7-15\Prj\IAR\FN15_Debug\Obj\MK60_SysTick.o
#        F:\01__飞思卡尔智能车\大产7-15\大产7-15\Prj\IAR\FN15_Debug\Obj\MK60_uart.o
#        F:\01__飞思卡尔智能车\大产7-15\大产7-15\Prj\IAR\FN15_Debug\Obj\MK60_usb.o
#        F:\01__飞思卡尔智能车\大产7-15\大产7-15\Prj\IAR\FN15_Debug\Obj\MK60_wdog.o
#        F:\01__飞思卡尔智能车\大产7-15\大产7-15\Prj\IAR\FN15_Debug\Obj\MyMath.o
#        F:\01__飞思卡尔智能车\大产7-15\大产7-15\Prj\IAR\FN15_Debug\Obj\SD.o
#        F:\01__飞思卡尔智能车\大产7-15\大产7-15\Prj\IAR\FN15_Debug\Obj\Speed.o
#        F:\01__飞思卡尔智能车\大产7-15\大产7-15\Prj\IAR\FN15_Debug\Obj\startup_MK60DZ10.o
#        F:\01__飞思卡尔智能车\大产7-15\大产7-15\Prj\IAR\FN15_Debug\Obj\system_MK60DZ10.o
#        F:\01__飞思卡尔智能车\大产7-15\大产7-15\Prj\IAR\FN15_Debug\Obj\USB.o
#        F:\01__飞思卡尔智能车\大产7-15\大产7-15\Prj\IAR\FN15_Debug\Obj\USB_CDC.o
#        F:\01__飞思卡尔智能车\大产7-15\大产7-15\Prj\IAR\FN15_Debug\Obj\VCAN_ASCII.o
#        F:\01__飞思卡尔智能车\大产7-15\大产7-15\Prj\IAR\FN15_Debug\Obj\VCAN_camera.o
#        F:\01__飞思卡尔智能车\大产7-15\大产7-15\Prj\IAR\FN15_Debug\Obj\VCAN_computer.o
#        F:\01__飞思卡尔智能车\大产7-15\大产7-15\Prj\IAR\FN15_Debug\Obj\vcan_img2sd.o
#        F:\01__飞思卡尔智能车\大产7-15\大产7-15\Prj\IAR\FN15_Debug\Obj\VCAN_key.o
#        F:\01__飞思卡尔智能车\大产7-15\大产7-15\Prj\IAR\FN15_Debug\Obj\VCAN_key_event.o
#        F:\01__飞思卡尔智能车\大产7-15\大产7-15\Prj\IAR\FN15_Debug\Obj\VCAN_LCD.o
#        F:\01__飞思卡尔智能车\大产7-15\大产7-15\Prj\IAR\FN15_Debug\Obj\VCAN_LCD_CH.o
#        F:\01__飞思卡尔智能车\大产7-15\大产7-15\Prj\IAR\FN15_Debug\Obj\VCAN_LCD_ILI9341.o
#        F:\01__飞思卡尔智能车\大产7-15\大产7-15\Prj\IAR\FN15_Debug\Obj\VCAN_LCD_ST7735R.o
#        F:\01__飞思卡尔智能车\大产7-15\大产7-15\Prj\IAR\FN15_Debug\Obj\VCAN_LCD_ST7735S.o
#        F:\01__飞思卡尔智能车\大产7-15\大产7-15\Prj\IAR\FN15_Debug\Obj\VCAN_LED.o
#        F:\01__飞思卡尔智能车\大产7-15\大产7-15\Prj\IAR\FN15_Debug\Obj\VCAN_NRF24L0.o
#        F:\01__飞思卡尔智能车\大产7-15\大产7-15\Prj\IAR\FN15_Debug\Obj\VCAN_NRF24L0_MSG.o
#        F:\01__飞思卡尔智能车\大产7-15\大产7-15\Prj\IAR\FN15_Debug\Obj\VCAN_OV7725_Eagle.o
#        F:\01__飞思卡尔智能车\大产7-15\大产7-15\Prj\IAR\FN15_Debug\Obj\VCAN_SCCB.o
#        F:\01__飞思卡尔智能车\大产7-15\大产7-15\Prj\IAR\FN15_Debug\Obj\VCAN_UI_VAR.o
#        F:\01__飞思卡尔智能车\大产7-15\大产7-15\Prj\IAR\FN15_Debug\Obj\vectors.o
#        --redirect _Printf=_PrintfLargeNoMb --redirect _Scanf=_ScanfLargeNoMb
#        -o
#        F:\01__飞思卡尔智能车\大产7-15\大产7-15\Prj\IAR\FN15_Debug\Exe\vcan_Kinetis.out
#        --map
#        F:\01__飞思卡尔智能车\大产7-15\大产7-15\Prj\IAR\FN15_Debug\List\vcan_Kinetis.map
#        --config
#        "F:\01__飞思卡尔智能车\大产7-15\大产7-15\Prj\IAR\config
#        files\vcan_ROM_K60N1M.icf"
#        F:\01__飞思卡尔智能车\大产7-15\大产7-15\Prj\IAR\..\..\Lib\CMSIS\iar_cortexM4l_math.a
#        --entry __iar_program_start --redirect __write=__write_buffered --vfe
#        --text_out locale)
#
###############################################################################

*******************************************************************************
*** RUNTIME MODEL ATTRIBUTES
***

CppFlavor       = *
__SystemLibrary = DLib
__dlib_version  = 6


*******************************************************************************
*** HEAP SELECTION
***

The basic heap was selected because no calls to memory allocation
functions were found in the application outside of system library
functions, and there are calls to deallocation functions in the
application.


*******************************************************************************
*** PLACEMENT SUMMARY
***

"A0":  place at 0x00000000 { ro section .intvec };
"A1":  place at 0x00000410 { ro section .noinit };
"P1":  place in [from 0x00000000 to 0x00100000] { ro, block CodeRelocate };
"P2":  place in [from 0x1fff0410 to 0x20010000] {
          rw, block CodeRelocateRam, block CSTACK, block HEAP };
initialize manually with packing = copy, complex ranges { section .data };
initialize manually with packing = copy, complex ranges { section .textrw };

  Section              Kind        Address     Size  Object
  -------              ----        -------     ----  ------
"A0":                                         0x410
  .intvec              const    0x00000000    0x410  vectors.o [1]
                              - 0x00000410    0x410

"A1":                                           0x8
  .noinit              ro code  0x00000410      0x8  startup_MK60DZ10.o [1]
                              - 0x00000418      0x8

"P1":                                       0x18198
  .rodata              const    0x00000418   0x4b00  JiaoZheng.o [1]
  .rodata              const    0x00004f18   0x4b00  JiaoZheng.o [1]
  .text                ro code  0x00009a18   0x1ea4  ImageDeal.o [1]
  .text                ro code  0x0000b8bc    0x120  MyMath.o [1]
  .text                ro code  0x0000b9dc    0x220  JiaoZheng.o [1]
  .text                ro code  0x0000bbfc     0xac  VCAN_LED.o [1]
  .text                ro code  0x0000bca8     0xa6  ABImemcpy.o [5]
  .text                ro code  0x0000bd4e     0x1a  xsnprout.o [3]
  .text                ro code  0x0000bd68    0x1c0  MK60_gpio.o [1]
  .text                ro code  0x0000bf28     0xbc  MK60_port.o [1]
  Veneer               ro code  0x0000bfe4      0x8  - Linker created -
  Veneer               ro code  0x0000bfec      0x8  - Linker created -
  .text                ro code  0x0000bff4    0x144  MK60_conf.o [1]
  .text                ro code  0x0000c138     0x28  printf.o [3]
  .text                ro code  0x0000c160     0x64  MK60_SysTick.o [1]
  .text                ro code  0x0000c1c4    0x2c4  MK60_uart.o [1]
  .text                ro code  0x0000c488    0x224  VCAN_key.o [1]
  .text                ro code  0x0000c6ac    0xc06  xprintflarge_nomb.o [3]
  .rodata              const    0x0000d2b2      0x2  VCAN_camera.o [1]
  .text                ro code  0x0000d2b4     0x16  strchr.o [5]
  .text                ro code  0x0000d2cc     0x44  xfail_s.o [3]
  .text                ro code  0x0000d310     0x36  strlen.o [5]
  .text                ro code  0x0000d348     0x58  memchr.o [5]
  .text                ro code  0x0000d3a0     0xee  I64DivMod.o [5]
  .text                ro code  0x0000d490    0x192  DblMul.o [4]
  .text                ro code  0x0000d624     0x70  frexp.o [4]
  .text                ro code  0x0000d694     0x2e  DblCmpLe.o [4]
  .text                ro code  0x0000d6c4    0x246  DblDiv.o [4]
  .text                ro code  0x0000d90c     0x28  DblToU32.o [4]
  .text                ro code  0x0000d934     0x1a  U32ToDbl.o [4]
  .text                ro code  0x0000d950     0xe2  DblSub.o [4]
  .text                ro code  0x0000da34      0xc  xlocale_c.o [3]
  .text                ro code  0x0000da40      0x6  abort.o [3]
  .text                ro code  0x0000da48      0x2  I64DivZer.o [5]
  .text                ro code  0x0000da4c    0x178  DblAdd.o [4]
  .text                ro code  0x0000dbc4      0xc  XXexit.o [5]
  .text                ro code  0x0000dbd0   0x1c18  VCAN_LCD_ST7735R.o [1]
  .text                ro code  0x0000f7e8   0x10d2  LCD.o [1]
  .text                ro code  0x000108bc    0x550  VCAN_LCD.o [1]
  .text                ro code  0x00010e0c    0x1b8  VCAN_LCD_CH.o [1]
  .text                ro code  0x00010fc4    0x54c  VCAN_UI_VAR.o [1]
  .text                ro code  0x00011510     0x3c  vsnprint.o [3]
  Veneer               ro code  0x0001154c      0x8  - Linker created -
  .text                ro code  0x00011554    0xf30  Debug.o [1]
  .text                ro code  0x00012484     0x22  S32ToDbl.o [4]
  .text                ro code  0x000124a8     0x68  DblToFlt.o [4]
  .text                ro code  0x00012510    0x36c  DMA.o [1]
  .text                ro code  0x0001287c    0x5f8  MK60_ftm.o [1]
  .text                ro code  0x00012e74     0x66  ABImemset.o [5]
  .text                ro code  0x00012edc    0xd8c  Arithmetic.o [1]
  .text                ro code  0x00013c68      0x8  abs.o [3]
  .text                ro code  0x00013c70    0x160  MK60_PIT.o [1]
  .data_init                    0x00013dd0    0xb64  <Block>
    Initializer bytes  const    0x00013dd0    0xb64  <for .data-1>
  .rodata              const    0x00014934    0x600  VCAN_ASCII.o [1]
  .text                ro code  0x00014f34    0x418  IRQ.o [1]
  .text                ro code  0x0001534c    0x2f8  Speed.o [1]
  .text                ro code  0x00015644    0x28c  VCAN_OV7725_Eagle.o [1]
  .text                ro code  0x000158d0     0x3a  DblToS32.o [4]
  .text                ro code  0x0001590c     0x48  FltToDbl.o [4]
  .text                ro code  0x00015954    0x1e8  MK60_dma.o [1]
  .text                ro code  0x00015b3c     0xd0  main.o [1]
  .text                ro code  0x00015c0c    0x362  VCAN_SCCB.o [1]
  .text                ro code  0x00015f70    0x2d8  Init.o [1]
  .text                ro code  0x00016248     0x98  VCAN_camera.o [1]
  .text                ro code  0x000162e0    0x3c8  Duoji.o [1]
  .text                ro code  0x000166a8    0x244  VCAN_key_event.o [1]
  .text                ro code  0x000168ec    0x220  MK60_adc.o [1]
  .text                ro code  0x00016b0c     0x50  misc.o [1]
  Veneer               ro code  0x00016b5c      0x8  - Linker created -
  .text                ro code  0x00016b64    0x3e4  MK60_mcg.o [1]
  CodeRelocate                  0x00016f48    0x1f4  <Block>
    Initializer bytes  const    0x00016f48    0x1f4  <for CodeRelocateRam-1>
  .text                ro code  0x0001713c    0x13c  system_MK60DZ10.o [1]
  .text                ro code  0x00017278     0x40  MK60_wdog.o [1]
  .rodata              const    0x000172b8     0xa0  CarFont.o [1]
  .rodata              const    0x00017358     0xa0  CarFont.o [1]
  .rodata              const    0x000173f8     0xa0  CarFont.o [1]
  .rodata              const    0x00017498     0xa0  CarFont.o [1]
  .rodata              const    0x00017538     0xa0  CarFont.o [1]
  .rodata              const    0x000175d8     0xa0  CarFont.o [1]
  .rodata              const    0x00017678     0xa0  CarFont.o [1]
  .rodata              const    0x00017718     0xa0  CarFont.o [1]
  .rodata              const    0x000177b8     0x80  CarFont.o [1]
  .rodata              const    0x00017838     0x80  CarFont.o [1]
  .rodata              const    0x000178b8     0x80  CarFont.o [1]
  .rodata              const    0x00017938     0x80  CarFont.o [1]
  .rodata              const    0x000179b8     0x80  CarFont.o [1]
  .rodata              const    0x00017a38     0x80  CarFont.o [1]
  .rodata              const    0x00017ab8     0x80  CarFont.o [1]
  .rodata              const    0x00017b38     0x80  CarFont.o [1]
  .rodata              const    0x00017bb8     0x60  CarFont.o [1]
  .rodata              const    0x00017c18     0x60  CarFont.o [1]
  .rodata              const    0x00017c78     0x60  CarFont.o [1]
  .rodata              const    0x00017cd8     0x60  CarFont.o [1]
  .rodata              const    0x00017d38     0x60  CarFont.o [1]
  .rodata              const    0x00017d98     0x50  VCAN_LCD_ST7735R.o [1]
  .rodata              const    0x00017de8     0x4c  MK60_flash.o [1]
  .rodata              const    0x00017e34     0x4c  MK60_SysTick.o [1]
  .rodata              const    0x00017e80     0x4c  VCAN_UI_VAR.o [1]
  .rodata              const    0x00017ecc     0x48  MK60_adc.o [1]
  .rodata              const    0x00017f14     0x48  MK60_dma.o [1]
  .rodata              const    0x00017f5c     0x48  MK60_ftm.o [1]
  .rodata              const    0x00017fa4     0x48  MK60_gpio.o [1]
  .rodata              const    0x00017fec     0x48  MK60_PIT.o [1]
  .rodata              const    0x00018034     0x48  MK60_uart.o [1]
  .rodata              const    0x0001807c     0x48  VCAN_LCD.o [1]
  .rodata              const    0x000180c4     0x44  DMA.o [1]
  .rodata              const    0x00018108     0x44  misc.o [1]
  .rodata              const    0x0001814c     0x40  CarFont.o [1]
  .rodata              const    0x0001818c     0x40  CarFont.o [1]
  .rodata              const    0x000181cc     0x40  CarFont.o [1]
  .rodata              const    0x0001820c     0x40  CarFont.o [1]
  .text                ro code  0x0001824c     0x40  zero_init3.o [5]
  .rodata              const    0x0001828c     0x3c  MK60_conf.o [1]
  .text                ro code  0x000182c8     0x28  data_init.o [5]
  .rodata              const    0x000182f0     0x24  MK60_conf.o [1]
  .rodata              const    0x00018314     0x24  VCAN_OV7725_Eagle.o [1]
  .rodata              const    0x00018338     0x24  VCAN_OV7725_Eagle.o [1]
  .text                ro code  0x0001835c     0x22  fpinit_M.o [4]
  .iar.init_table      const    0x00018380     0x10  - Linker created -
  .rodata              const    0x00018390     0x20  MK60_conf.o [1]
  .rodata              const    0x000183b0     0x20  VCAN_OV7725_Eagle.o [1]
  .text                ro code  0x000183d0     0x1a  cmain.o [5]
  .text                ro code  0x000183ea      0x4  low_level_init.o [3]
  .text                ro code  0x000183ee      0x4  exit.o [3]
  .text                ro code  0x000183f4      0xa  cexit.o [5]
  .rodata              const    0x00018400     0x18  DMA.o [1]
  .rodata              const    0x00018418     0x18  VCAN_OV7725_Eagle.o [1]
  .rodata              const    0x00018430     0x18  VCAN_OV7725_Eagle.o [1]
  .text                ro code  0x00018448     0x16  xprout.o [3]
  .text                ro code  0x00018460      0xc  putchar.o [3]
  .rodata              const    0x0001846c     0x14  Init.o [1]
  .rodata              const    0x00018480     0x14  MK60_conf.o [1]
  .rodata              const    0x00018494     0x14  VCAN_OV7725_Eagle.o [1]
  .rodata              const    0x000184a8     0x10  LCD.o [1]
  .rodata              const    0x000184b8     0x10  LCD.o [1]
  .rodata              const    0x000184c8      0xc  Init.o [1]
  .rodata              const    0x000184d4      0xc  Init.o [1]
  .rodata              const    0x000184e0      0xc  Init.o [1]
  .rodata              const    0x000184ec      0xc  Init.o [1]
  .rodata              const    0x000184f8      0xc  Init.o [1]
  .rodata              const    0x00018504      0xc  LCD.o [1]
  .rodata              const    0x00018510      0xc  LCD.o [1]
  .rodata              const    0x0001851c      0xc  LCD.o [1]
  .rodata              const    0x00018528      0xc  LCD.o [1]
  .rodata              const    0x00018534      0xc  LCD.o [1]
  .rodata              const    0x00018540      0xc  LCD.o [1]
  .text                ro code  0x0001854c      0xc  cstartup_M.o [5]
  .rodata              const    0x00018558      0x8  LCD.o [1]
  .rodata              const    0x00018560      0x8  LCD.o [1]
  .rodata              const    0x00018568      0x8  LCD.o [1]
  .rodata              const    0x00018570      0x8  LCD.o [1]
  .rodata              const    0x00018578      0x8  LCD.o [1]
  .rodata              const    0x00018580      0x8  LCD.o [1]
  .rodata              const    0x00018588      0x4  Arithmetic.o [1]
  .rodata              const    0x0001858c      0x4  Arithmetic.o [1]
  .rodata              const    0x00018590      0x4  Arithmetic.o [1]
  .rodata              const    0x00018594      0x4  LCD.o [1]
  .rodata              const    0x00018598      0x4  LCD.o [1]
  .rodata              const    0x0001859c      0x4  VCAN_LCD.o [1]
  .rodata              const    0x000185a0      0x4  VCAN_LCD.o [1]
  .rodata              const    0x000185a4      0x4  VCAN_LCD.o [1]
  .rodata              const    0x000185a8      0x4  VCAN_LCD_CH.o [1]
  .rodata              const    0x000185ac      0x4  xlocale_c.o [3]
  .rodata              const    0x000185b0      0x0  zero_init3.o [5]
                              - 0x000185b0  0x18198

"P2", part 1 of 2:                            0xd58
  .data                         0x1fff0410    0xb64  <Block>
    .data-1                     0x1fff0410    0xb64  <Init block>
      .data            inited   0x1fff0410      0x4  Debug.o [1]
      .data            inited   0x1fff0414     0x18  DMA.o [1]
      .data            inited   0x1fff042c      0x4  Duoji.o [1]
      .data            inited   0x1fff0430      0x4  Duoji.o [1]
      .data            inited   0x1fff0434      0x4  Duoji.o [1]
      .data            inited   0x1fff0438      0x4  ImageDeal.o [1]
      .data            inited   0x1fff043c      0x4  ImageDeal.o [1]
      .data            inited   0x1fff0440      0x4  ImageDeal.o [1]
      .data            inited   0x1fff0444      0x4  ImageDeal.o [1]
      .data            inited   0x1fff0448      0x4  ImageDeal.o [1]
      .data            inited   0x1fff044c      0x4  ImageDeal.o [1]
      .data            inited   0x1fff0450      0x4  ImageDeal.o [1]
      .data            inited   0x1fff0454      0x4  ImageDeal.o [1]
      .data            inited   0x1fff0458      0x4  ImageDeal.o [1]
      .data            inited   0x1fff045c    0x708  MK60_conf.o [1]
      .data            inited   0x1fff0b64     0x10  MK60_ftm.o [1]
      .data            inited   0x1fff0b74     0x14  MK60_gpio.o [1]
      .data            inited   0x1fff0b88     0x58  MK60_mcg.o [1]
      .data            inited   0x1fff0be0      0x4  MK60_mcg.o [1]
      .data            inited   0x1fff0be4     0x14  MK60_port.o [1]
      .data            inited   0x1fff0bf8     0x18  MK60_uart.o [1]
      .data            inited   0x1fff0c10      0x4  Speed.o [1]
      .data            inited   0x1fff0c14      0x4  Speed.o [1]
      .data            inited   0x1fff0c18      0x4  Speed.o [1]
      .data            inited   0x1fff0c1c      0x4  Speed.o [1]
      .data            inited   0x1fff0c20      0xc  VCAN_key.o [1]
      .data            inited   0x1fff0c2c      0x4  VCAN_LED.o [1]
      .data            inited   0x1fff0c30      0x8  VCAN_NRF24L0.o [1]
      .data            inited   0x1fff0c38      0x8  VCAN_NRF24L0.o [1]
      .data            inited   0x1fff0c40     0x64  VCAN_OV7725_Eagle.o [1]
      .data            inited   0x1fff0ca4     0x60  VCAN_UI_VAR.o [1]
      .data            inited   0x1fff0d04    0x1e0  VCAN_UI_VAR.o [1]
      .data            inited   0x1fff0ee4     0x38  xlocale_c.o [3]
      .data            inited   0x1fff0f1c     0x48  xfiles.o [3]
      .data            inited   0x1fff0f64      0x2  LCD.o [1]
      .data            inited   0x1fff0f66      0x2  LCD.o [1]
      .data            inited   0x1fff0f68      0x2  VCAN_LCD_ST7735R.o [1]
      .data            inited   0x1fff0f6a      0x2  VCAN_LCD_ST7735R.o [1]
      .data            inited   0x1fff0f6c      0x1  Arithmetic.o [1]
      .data            inited   0x1fff0f6d      0x1  Arithmetic.o [1]
      .data            inited   0x1fff0f6e      0x1  Arithmetic.o [1]
      .data            inited   0x1fff0f6f      0x1  Arithmetic.o [1]
      .data            inited   0x1fff0f70      0x1  Arithmetic.o [1]
      .data            inited   0x1fff0f71      0x1  ImageDeal.o [1]
      .data            inited   0x1fff0f72      0x1  VCAN_OV7725_Eagle.o [1]
      .data            inited   0x1fff0f73      0x1  VCAN_OV7725_Eagle.o [1]
  CodeRelocateRam               0x1fff0f74    0x1f4  <Block>
    CodeRelocateRam-1           0x1fff0f74    0x1f4  <Init block>
      Veneer           inited   0x1fff0f74      0x8  - Linker created -
      Veneer           inited   0x1fff0f7c      0x8  - Linker created -
      .textrw          inited   0x1fff0f84    0x194  MK60_flash.o [1]
      .textrw          inited   0x1fff1118     0x50  MK60_mcg.o [1]
                              - 0x1fff1168    0xd58

"P2", part 2 of 2:                           0xfecc
  .bss                          0x1fff1168   0xfecc  <Block>
    .bss               zero     0x1fff1168     0x3c  Arithmetic.o [1]
    .bss               zero     0x1fff11a4     0x14  Arithmetic.o [1]
    .bss               zero     0x1fff11b8     0x14  Arithmetic.o [1]
    .bss               zero     0x1fff11cc      0x4  Debug.o [1]
    .bss               zero     0x1fff11d0      0x4  Debug.o [1]
    .bss               zero     0x1fff11d4      0x4  Debug.o [1]
    .bss               zero     0x1fff11d8     0x34  Debug.o [1]
    .bss               zero     0x1fff120c     0x10  Debug.o [1]
    .bss               zero     0x1fff121c     0x10  Debug.o [1]
    .bss               zero     0x1fff122c      0xc  Debug.o [1]
    .bss               zero     0x1fff1238     0x30  DMA.o [1]
    .bss               zero     0x1fff1268     0x30  DMA.o [1]
    .bss               zero     0x1fff1298      0x4  Duoji.o [1]
    .bss               zero     0x1fff129c      0x4  Duoji.o [1]
    .bss               zero     0x1fff12a0      0x4  Duoji.o [1]
    .bss               zero     0x1fff12a4      0x4  Duoji.o [1]
    .bss               zero     0x1fff12a8      0x4  Duoji.o [1]
    .bss               zero     0x1fff12ac      0x4  Duoji.o [1]
    .bss               zero     0x1fff12b0      0x4  Duoji.o [1]
    .bss               zero     0x1fff12b4      0x4  Duoji.o [1]
    .bss               zero     0x1fff12b8      0x4  Duoji.o [1]
    .bss               zero     0x1fff12bc      0x4  Duoji.o [1]
    .bss               zero     0x1fff12c0      0x4  Duoji.o [1]
    .bss               zero     0x1fff12c4      0x4  Duoji.o [1]
    .bss               zero     0x1fff12c8      0x4  Duoji.o [1]
    .bss               zero     0x1fff12cc    0xb68  ImageDeal.o [1]
    .bss               zero     0x1fff1e34    0xb68  ImageDeal.o [1]
    .bss               zero     0x1fff299c   0x4b00  ImageDeal.o [1]
    .bss               zero     0x1fff749c      0x4  ImageDeal.o [1]
    .bss               zero     0x1fff74a0      0x4  ImageDeal.o [1]
    .bss               zero     0x1fff74a4     0x30  ImageDeal.o [1]
    .bss               zero     0x1fff74d4      0x4  ImageDeal.o [1]
    .bss               zero     0x1fff74d8      0x4  ImageDeal.o [1]
    .bss               zero     0x1fff74dc      0x4  ImageDeal.o [1]
    .bss               zero     0x1fff74e0      0x4  ImageDeal.o [1]
    .bss               zero     0x1fff74e4      0x4  ImageDeal.o [1]
    .bss               zero     0x1fff74e8      0x4  ImageDeal.o [1]
    .bss               zero     0x1fff74ec      0x4  ImageDeal.o [1]
    .bss               zero     0x1fff74f0     0x78  ImageDeal.o [1]
    .bss               zero     0x1fff7568     0x78  ImageDeal.o [1]
    .bss               zero     0x1fff75e0     0x78  ImageDeal.o [1]
    .bss               zero     0x1fff7658      0x4  ImageDeal.o [1]
    .bss               zero     0x1fff765c      0x4  ImageDeal.o [1]
    .bss               zero     0x1fff7660      0x4  ImageDeal.o [1]
    .bss               zero     0x1fff7664      0x4  ImageDeal.o [1]
    .bss               zero     0x1fff7668     0x78  ImageDeal.o [1]
    .bss               zero     0x1fff76e0     0x78  ImageDeal.o [1]
    .bss               zero     0x1fff7758      0x4  ImageDeal.o [1]
    .bss               zero     0x1fff775c      0x4  ImageDeal.o [1]
    .bss               zero     0x1fff7760      0x4  ImageDeal.o [1]
    .bss               zero     0x1fff7764      0x4  ImageDeal.o [1]
    .bss               zero     0x1fff7768      0x4  ImageDeal.o [1]
    .bss               zero     0x1fff776c      0x4  ImageDeal.o [1]
    .bss               zero     0x1fff7770      0x4  ImageDeal.o [1]
    .bss               zero     0x1fff7774      0x4  ImageDeal.o [1]
    .bss               zero     0x1fff7778      0x4  ImageDeal.o [1]
    .bss               zero     0x1fff777c      0x4  ImageDeal.o [1]
    .bss               zero     0x1fff7780      0x4  ImageDeal.o [1]
    .bss               zero     0x1fff7784      0x4  ImageDeal.o [1]
    .bss               zero     0x1fff7788      0x4  ImageDeal.o [1]
    .bss               zero     0x1fff778c      0x4  ImageDeal.o [1]
    .bss               zero     0x1fff7790      0x4  ImageDeal.o [1]
    .bss               zero     0x1fff7794      0x4  IRQ.o [1]
    .bss               zero     0x1fff7798      0x4  IRQ.o [1]
    .bss               zero     0x1fff779c     0x64  IRQ.o [1]
    .bss               zero     0x1fff7800     0x64  IRQ.o [1]
    .bss               zero     0x1fff7864     0x78  IRQ.o [1]
    .bss               zero     0x1fff78dc     0x14  IRQ.o [1]
    .bss               zero     0x1fff78f0   0x4b00  JiaoZheng.o [1]
    .bss               zero     0x1fffc3f0   0x4b00  JiaoZheng.o [1]
    .bss               zero     0x20000ef0     0x10  MK60_ftm.o [1]
    .bss               zero     0x20000f00      0x4  Speed.o [1]
    .bss               zero     0x20000f04      0x4  Speed.o [1]
    .bss               zero     0x20000f08      0x4  Speed.o [1]
    .bss               zero     0x20000f0c      0x4  Speed.o [1]
    .bss               zero     0x20000f10      0x4  Speed.o [1]
    .bss               zero     0x20000f14      0x4  Speed.o [1]
    .bss               zero     0x20000f18      0x4  Speed.o [1]
    .bss               zero     0x20000f1c      0x4  Speed.o [1]
    .bss               zero     0x20000f20      0x4  Speed.o [1]
    .bss               zero     0x20000f24      0x4  Speed.o [1]
    .bss               zero     0x20000f28      0x4  Speed.o [1]
    .bss               zero     0x20000f2c      0x4  Speed.o [1]
    .bss               zero     0x20000f30      0x4  Speed.o [1]
    .bss               zero     0x20000f34      0xc  Speed.o [1]
    .bss               zero     0x20000f40      0x4  Speed.o [1]
    .bss               zero     0x20000f44      0x4  Speed.o [1]
    .bss               zero     0x20000f48      0x4  Speed.o [1]
    .bss               zero     0x20000f4c      0x4  Speed.o [1]
    .bss               zero     0x20000f50      0x4  Speed.o [1]
    .bss               zero     0x20000f54      0x4  Speed.o [1]
    .bss               zero     0x20000f58      0x4  Speed.o [1]
    .bss               zero     0x20000f5c      0x4  Speed.o [1]
    .bss               zero     0x20000f60      0x4  Speed.o [1]
    .bss               zero     0x20000f64      0x4  Speed.o [1]
    .bss               zero     0x20000f68      0x4  Speed.o [1]
    .bss               zero     0x20000f6c      0x4  Speed.o [1]
    .bss               zero     0x20000f70      0x4  Speed.o [1]
    .bss               zero     0x20000f74      0x4  Speed.o [1]
    .bss               zero     0x20000f78      0x4  system_MK60DZ10.o [1]
    .bss               zero     0x20000f7c      0x4  system_MK60DZ10.o [1]
    .bss               zero     0x20000f80      0x4  system_MK60DZ10.o [1]
    .bss               zero     0x20000f84     0x28  VCAN_key.o [1]
    .bss               zero     0x20000fac      0xc  VCAN_key.o [1]
    .bss               zero     0x20000fb8      0x4  VCAN_OV7725_Eagle.o [1]
    .bss               zero     0x20000fbc      0x4  xfail_s.o [3]
    .bss               zero     0x20000fc0     0x50  xfiles.o [3]
    .bss               zero     0x20001010      0x2  LCD.o [1]
    .bss               zero     0x20001012      0x2  LCD.o [1]
    .bss               zero     0x20001014      0x2  Speed.o [1]
    .bss               zero     0x20001016      0x1  Debug.o [1]
    .bss               zero     0x20001017      0x1  Debug.o [1]
    .bss               zero     0x20001018      0x1  Debug.o [1]
    .bss               zero     0x20001019      0x1  Duoji.o [1]
    .bss               zero     0x2000101a      0x1  ImageDeal.o [1]
    .bss               zero     0x2000101b      0x1  ImageDeal.o [1]
    .bss               zero     0x2000101c      0x1  ImageDeal.o [1]
    .bss               zero     0x2000101d      0x1  ImageDeal.o [1]
    .bss               zero     0x2000101e      0x1  ImageDeal.o [1]
    .bss               zero     0x2000101f      0x1  ImageDeal.o [1]
    .bss               zero     0x20001020      0x1  ImageDeal.o [1]
    .bss               zero     0x20001021      0x1  ImageDeal.o [1]
    .bss               zero     0x20001022      0x1  ImageDeal.o [1]
    .bss               zero     0x20001023      0x1  IRQ.o [1]
    .bss               zero     0x20001024      0x1  IRQ.o [1]
    .bss               zero     0x20001025      0x1  IRQ.o [1]
    .bss               zero     0x20001026      0x1  IRQ.o [1]
    .bss               zero     0x20001027      0x1  IRQ.o [1]
    .bss               zero     0x20001028      0x1  IRQ.o [1]
    .bss               zero     0x20001029      0x1  IRQ.o [1]
    .bss               zero     0x2000102a      0x1  LCD.o [1]
    .bss               zero     0x2000102b      0x1  Speed.o [1]
    .bss               zero     0x2000102c      0x1  VCAN_key.o [1]
    .bss               zero     0x2000102d      0x1  VCAN_key.o [1]
    .bss               zero     0x2000102e      0x1  VCAN_key.o [1]
    .bss               zero     0x2000102f      0x1  VCAN_LCD_ST7735R.o [1]
    .bss               zero     0x20001030      0x1  VCAN_OV7725_Eagle.o [1]
    .bss               zero     0x20001031      0x1  VCAN_UI_VAR.o [1]
                              - 0x20001034   0xfecc


*******************************************************************************
*** INIT TABLE
***

          Address     Size
          -------     ----
Zero (__iar_zero_init3)
    1 destination range, total size 0xfeca:
          0x1fff1168  0xfeca



*******************************************************************************
*** MODULE SUMMARY
***

    Module               ro code  rw code  ro data  rw data
    ------               -------  -------  -------  -------
F:\01__飞思卡尔智能车\大产7-15\大产7-15\Prj\IAR\FN15_Debug\Obj: [1]
    Arithmetic.o           3 468                17      105
    CarFont.o                                3 040
    DMA.o                    876               116      120
    Debug.o                3 888                 4      115
    Duoji.o                  968                12       65
    IRQ.o                  1 048                        355
    ImageDeal.o            7 844                37   25 846
    Init.o                   728                80
    JiaoZheng.o              544            38 400   38 400
    LCD.o                  4 306               164        9
    MK60_PIT.o               352                72
    MK60_SysTick.o           100                76
    MK60_adc.o               544                72
    MK60_conf.o              324             1 948    1 800
    MK60_dma.o               488                72
    MK60_flash.o                      404      480
    MK60_ftm.o             1 528                88       32
    MK60_gpio.o              448                92       20
    MK60_mcg.o               996       80      172       92
    MK60_port.o              188                20       20
    MK60_uart.o              708                96       24
    MK60_wdog.o               64
    MyMath.o                 288
    Speed.o                  760                16      139
    VCAN_ASCII.o                             1 536
    VCAN_LCD.o             1 360                84
    VCAN_LCD_CH.o            440                 4
    VCAN_LCD_ST7735R.o     7 192                84        5
    VCAN_LED.o               172                 4        4
    VCAN_NRF24L0.o                              16       16
    VCAN_OV7725_Eagle.o      652               274      107
    VCAN_SCCB.o              866
    VCAN_UI_VAR.o          1 356               652      577
    VCAN_camera.o            152                 2
    VCAN_key.o               548                12       67
    VCAN_key_event.o         580
    main.o                   208
    misc.o                    80                68
    startup_MK60DZ10.o         8
    system_MK60DZ10.o        316                         12
    vectors.o                                1 040
    -------------------------------------------------------
    Total:                44 388      484   48 850   67 930

command line: [2]
    -------------------------------------------------------
    Total:

dl7M_tlf.a: [3]
    abort.o                    6
    abs.o                      8
    exit.o                     4
    low_level_init.o           4
    printf.o                  40
    putchar.o                 12
    vsnprint.o                60
    xfail_s.o                 68                          4
    xfiles.o                                    72      152
    xlocale_c.o               12                60       56
    xprintflarge_nomb.o    3 078
    xprout.o                  22
    xsnprout.o                26
    -------------------------------------------------------
    Total:                 3 340               132      212

m7M_tls.a: [4]
    DblAdd.o                 376
    DblCmpLe.o                46
    DblDiv.o                 582
    DblMul.o                 402
    DblSub.o                 226
    DblToFlt.o               104
    DblToS32.o                58
    DblToU32.o                40
    FltToDbl.o                72
    S32ToDbl.o                34
    U32ToDbl.o                26
    fpinit_M.o                34
    frexp.o                  112
    -------------------------------------------------------
    Total:                 2 112

rt7M_tl.a: [5]
    ABImemcpy.o              166
    ABImemset.o              102
    I64DivMod.o              238
    I64DivZer.o                2
    XXexit.o                  12
    cexit.o                   10
    cmain.o                   26
    cstartup_M.o              12
    data_init.o               40
    memchr.o                  88
    strchr.o                  22
    strlen.o                  54
    zero_init3.o              64
    -------------------------------------------------------
    Total:                   836

    Gaps                      34                 4
    Linker created            32       16       32
-----------------------------------------------------------
    Grand Total:          50 742      500   49 018   68 142


*******************************************************************************
*** ENTRY LIST
***

Entry                      Address    Size  Type      Object
-----                      -------    ----  ----      ------
.bss$$Base              0x1fff1168           --   Gb  - Linker created -
.bss$$Limit             0x20001034           --   Gb  - Linker created -
.data$$Base             0x1fff0410           --   Gb  - Linker created -
.data$$Limit            0x1fff0f74           --   Gb  - Linker created -
.data_init$$Base        0x00013dd0           --   Gb  - Linker created -
.data_init$$Limit       0x00014934           --   Gb  - Linker created -
.iar.init_table$$Base   0x00018380           --   Gb  - Linker created -
.iar.init_table$$Limit  0x00018390           --   Gb  - Linker created -
?main                   0x000183d1          Code  Gb  cmain.o [5]
ASSERT_FAILED_STR       0x000182f0    0x24  Data  Gb  MK60_conf.o [1]
AbsMiddleError          0x1fff7780     0x4  Data  Gb  ImageDeal.o [1]
Beep_OFF                0x00011c9b     0xe  Code  Gb  Debug.o [1]
Beep_ON                 0x00011c75    0x26  Code  Gb  Debug.o [1]
BendNum                 0x1fff7768     0x4  Data  Gb  ImageDeal.o [1]
Boma_init               0x00011555    0x70  Code  Gb  Debug.o [1]
BottomFind              0x00009a19   0x814  Code  Gb  ImageDeal.o [1]
CarState                0x1fff11cc     0x4  Data  Gb  Debug.o [1]
CarTime                 0x20000f44     0x4  Data  Gb  Speed.o [1]
CarType                 0x20001016     0x1  Data  Gb  Debug.o [1]
CodeRelocate$$Base      0x00016f48           --   Gb  - Linker created -
CodeRelocate$$Limit     0x0001713c           --   Gb  - Linker created -
CodeRelocateRam$$Base   0x1fff0f74           --   Gb  - Linker created -
CodeRelocateRam$$Limit  0x1fff1168           --   Gb  - Linker created -
Count_Total             0x20000f64     0x4  Data  Gb  Speed.o [1]
Count_Total_Last        0x20000f68     0x4  Data  Gb  Speed.o [1]
CrossCheck              0x0000b729   0x100  Code  Gb  ImageDeal.o [1]
CrossNum                0x20001020     0x1  Data  Gb  ImageDeal.o [1]
Cross_Xielv             0x1fff778c     0x4  Data  Gb  ImageDeal.o [1]
Cross_Xielv2            0x1fff7790     0x4  Data  Gb  ImageDeal.o [1]
CurveType               0x20001022     0x1  Data  Gb  ImageDeal.o [1]
CurveType_Roll          0x0000b841     0x2  Code  Gb  ImageDeal.o [1]
DMA0_IRQHandler         0x000150c3     0x8  Code  Gb  IRQ.o [1]
DMA1_IRQHandler         0x000150cb    0x16  Code  Gb  IRQ.o [1]
DMA2_IRQHandler         0x000150e1    0x16  Code  Gb  IRQ.o [1]
DMA_Init                0x00012591   0x12e  Code  Gb  DMA.o [1]
DMA_InitStruct          0x1fff1238    0x30  Data  Gb  DMA.o [1]
DMA_InitStruct2         0x1fff1268    0x30  Data  Gb  DMA.o [1]
DMA_SetSourceAddress    0x000126bf     0xa  Code  Gb  DMA.o [1]
DMA_UART_Repeat         0x00012807    0x48  Code  Gb  DMA.o [1]
DMA_UART_Send_Init      0x00012511    0x80  Code  Gb  DMA.o [1]
DP_A                    0x1fff12b0     0x4  Data  Gb  Duoji.o [1]
DP_C                    0x1fff12b4     0x4  Data  Gb  Duoji.o [1]
DaiDingCanShu           0x00017838    0x80  Data  Gb  CarFont.o [1]
DaiDingXianShi          0x000179b8    0x80  Data  Gb  CarFont.o [1]
DangQianSuDu            0x000178b8    0x80  Data  Gb  CarFont.o [1]
Derivative_Last         0x1fff12c0     0x4  Data  Gb  Duoji.o [1]
Derivative_Now          0x1fff12bc     0x4  Data  Gb  Duoji.o [1]
DiSu                    0x0001818c    0x40  Data  Gb  CarFont.o [1]
DianJi_I                0x00017c78    0x60  Data  Gb  CarFont.o [1]
DianJi_P                0x00017c18    0x60  Data  Gb  CarFont.o [1]
DianJi_PWM              0x00017538    0xa0  Data  Gb  CarFont.o [1]
DianYa                  0x0001820c    0x40  Data  Gb  CarFont.o [1]
Distance                0x20000f4c     0x4  Data  Gb  Speed.o [1]
DistanceRecord          0x000155a7    0x36  Code  Gb  Speed.o [1]
Distance_Cross          0x20000f5c     0x4  Data  Gb  Speed.o [1]
Distance_Cross_GoOut    0x20000f60     0x4  Data  Gb  Speed.o [1]
Distance_Far            0x1fff0c18     0x4  Data  Gb  Speed.o [1]
Distance_GoInBend       0x20000f58     0x4  Data  Gb  Speed.o [1]
Distance_GoOutBend      0x20000f54     0x4  Data  Gb  Speed.o [1]
Distance_Near           0x1fff0c1c     0x4  Data  Gb  Speed.o [1]
Distance_StartLine      0x20000f50     0x4  Data  Gb  Speed.o [1]
Distance_TwoCar         0x20000f6c     0x4  Data  Gb  Speed.o [1]
Dj_Left                 0x1fff0430     0x4  Data  Gb  Duoji.o [1]
Dj_Mid                  0x1fff042c     0x4  Data  Gb  Duoji.o [1]
Dj_Right                0x1fff0434     0x4  Data  Gb  Duoji.o [1]
DuoJiFenJieXian         0x00017498    0xa0  Data  Gb  CarFont.o [1]
DuoJiP_A                0x000172b8    0xa0  Data  Gb  CarFont.o [1]
DuoJiP_B                0x00017358    0xa0  Data  Gb  CarFont.o [1]
DuoJiP_C                0x000173f8    0xa0  Data  Gb  CarFont.o [1]
DuoJiYouJiXian          0x00017678    0xa0  Data  Gb  CarFont.o [1]
DuoJiZhongZhi           0x00017ab8    0x80  Data  Gb  CarFont.o [1]
DuoJiZuoJiXian          0x000175d8    0xa0  Data  Gb  CarFont.o [1]
DuoJi_D                 0x00017bb8    0x60  Data  Gb  CarFont.o [1]
DuoJi_P                 0x00017cd8    0x60  Data  Gb  CarFont.o [1]
DuoJi_P_XianFu          0x00017718    0xa0  Data  Gb  CarFont.o [1]
Duoji                   0x000162e1   0x3c8  Code  Gb  Duoji.o [1]
Duoji_D                 0x1fff12a0     0x4  Data  Gb  Duoji.o [1]
Duoji_D_A               0x1fff12b8     0x4  Data  Gb  Duoji.o [1]
Duoji_D_Cross           0x1fff12a4     0x4  Data  Gb  Duoji.o [1]
Duoji_DividingLine      0x20001019     0x1  Data  Gb  Duoji.o [1]
Duoji_P                 0x1fff1298     0x4  Data  Gb  Duoji.o [1]
Duoji_P_Cross           0x1fff129c     0x4  Data  Gb  Duoji.o [1]
ErrorType               0x20001021     0x1  Data  Gb  ImageDeal.o [1]
Exchange_Var            0x000118ed    0xf8  Code  Gb  Debug.o [1]
FTMN                    0x1fff0b64    0x10  Data  Gb  MK60_ftm.o [1]
FTM_port_mux            0x0001287d   0x1ac  Code  Lc  MK60_ftm.o [1]
FlagStart               0x20001028     0x1  Data  Gb  IRQ.o [1]
Flag_LCD_White          0x2000102a     0x1  Data  Gb  LCD.o [1]
Flag_Uart_Start         0x20001026     0x1  Data  Gb  IRQ.o [1]
Flag_Uart_Start2        0x20001027     0x1  Data  Gb  IRQ.o [1]
Flash_Read              0x000115c5    0x82  Code  Gb  Debug.o [1]
Flash_Write             0x00011647    0xb2  Code  Gb  Debug.o [1]
ForeSight               0x0000ab73   0x180  Code  Gb  ImageDeal.o [1]
GPIOX                   0x1fff0b74    0x14  Data  Gb  MK60_gpio.o [1]
GaoSu                   0x0001814c    0x40  Data  Gb  CarFont.o [1]
GenZong                 0x0000a22d   0x220  Code  Gb  ImageDeal.o [1]
GiveColor               0x00010709    0x82  Code  Gb  LCD.o [1]
GoInBendCheck           0x0000b541   0x146  Code  Gb  ImageDeal.o [1]
IMG_TX                  0x20001017     0x1  Data  Gb  Debug.o [1]
Img                     0x1fff299c  0x4b00  Data  Gb  ImageDeal.o [1]
ImgAgo                  0x1fff74a0     0x4  Data  Gb  ImageDeal.o [1]
ImgBufferAgo            0x1fff12cc   0xb68  Data  Gb  ImageDeal.o [1]
ImgBufferNow            0x1fff1e34   0xb68  Data  Gb  ImageDeal.o [1]
ImgCurveDegree          0x1fff7784     0x4  Data  Gb  ImageDeal.o [1]
ImgNow                  0x1fff749c     0x4  Data  Gb  ImageDeal.o [1]
ImgNum                  0x1fff775c     0x4  Data  Gb  ImageDeal.o [1]
ImgStopNum              0x1fff7760     0x4  Data  Gb  ImageDeal.o [1]
Img_LCD_Loaction_X      0x1fff0f64     0x2  Data  Gb  LCD.o [1]
Img_LCD_Loaction_Y      0x1fff0f66     0x2  Data  Gb  LCD.o [1]
Img_P                   0x1fff74a4    0x30  Data  Gb  ImageDeal.o [1]
InitAll                 0x00015fcb   0x208  Code  Gb  Init.o [1]
Jizhun_L                0x1fff7660     0x4  Data  Gb  ImageDeal.o [1]
Jizhun_R                0x1fff7664     0x4  Data  Gb  ImageDeal.o [1]
KEY_PTxn                0x1fff0c20     0xc  Data  Gb  VCAN_key.o [1]
KeyTime                 0x20001023     0x1  Data  Gb  IRQ.o [1]
Kp_DuojiCorrect         0x1fff12c8     0x4  Data  Gb  Duoji.o [1]
Kv                      0x20000f74     0x4  Data  Gb  Speed.o [1]
LCD_Camera              0x00010309   0x3d6  Code  Gb  LCD.o [1]
LCD_FChar_CH            0x00010e0d   0x132  Code  Gb  VCAN_LCD_CH.o [1]
LCD_FStr_CH             0x00010f59    0x6c  Code  Gb  VCAN_LCD_CH.o [1]
LCD_Printf              0x00010881    0x3a  Code  Gb  LCD.o [1]
LCD_ST7735R_dir         0x0000eb8f   0xa0c  Code  Gb  VCAN_LCD_ST7735R.o [1]
LCD_ST7735R_init        0x0000dbd1   0xfbe  Code  Gb  VCAN_LCD_ST7735R.o [1]
LCD_ST7735R_ptlon       0x0000f5b1   0x208  Code  Gb  VCAN_LCD_ST7735R.o [1]
LCD_char                0x00010ae3   0x1a4  Code  Gb  VCAN_LCD.o [1]
LCD_clear               0x000109bb    0x28  Code  Gb  VCAN_LCD.o [1]
LCD_cross               0x000109e3   0x100  Code  Gb  VCAN_LCD.o [1]
LCD_init                0x000108bd    0x2c  Code  Gb  VCAN_LCD.o [1]
LCD_num_BC              0x00010cef    0xf6  Code  Gb  VCAN_LCD.o [1]
LCD_rectangle           0x000108e9    0xd2  Code  Gb  VCAN_LCD.o [1]
LCD_str                 0x00010c87    0x68  Code  Gb  VCAN_LCD.o [1]
LED_PTxn                0x1fff0c2c     0x4  Data  Gb  VCAN_LED.o [1]
LastPage                0x20001012     0x2  Data  Gb  LCD.o [1]
Last_L                  0x1fff7658     0x4  Data  Gb  ImageDeal.o [1]
Last_R                  0x1fff765c     0x4  Data  Gb  ImageDeal.o [1]
Left                    0x1fff74f0    0x78  Data  Gb  ImageDeal.o [1]
Left_Init               0x1fff0438     0x4  Data  Gb  ImageDeal.o [1]
LightLimtY_BottomFind   0x1fff0f71     0x1  Data  Gb  ImageDeal.o [1]
Light_X                 0x1fff776c     0x4  Data  Gb  ImageDeal.o [1]
Light_Y                 0x1fff7770     0x4  Data  Gb  ImageDeal.o [1]
LoadInt                 0x0000c843    0x7a  Code  Lc  xprintflarge_nomb.o [3]
Lost_L                  0x1fff7668    0x78  Data  Gb  ImageDeal.o [1]
Lost_L_Num              0x2000101d     0x1  Data  Gb  ImageDeal.o [1]
Lost_R                  0x1fff76e0    0x78  Data  Gb  ImageDeal.o [1]
Lost_R_Num              0x2000101e     0x1  Data  Gb  ImageDeal.o [1]
LuCheng                 0x000181cc    0x40  Data  Gb  CarFont.o [1]
Middle                  0x1fff7568    0x78  Data  Gb  ImageDeal.o [1]
MiddleError             0x1fff7774     0x4  Data  Gb  ImageDeal.o [1]
MiddleError_Last        0x1fff7778     0x4  Data  Gb  ImageDeal.o [1]
MiddleError_Previous    0x1fff777c     0x4  Data  Gb  ImageDeal.o [1]
MotorError              0x20000f34     0xc  Data  Gb  Speed.o [1]
MotorOut                0x000153c5   0x154  Code  Gb  Speed.o [1]
MotorOutMax             0x20000f2c     0x4  Data  Gb  Speed.o [1]
MotorOutMin             0x20000f30     0x4  Data  Gb  Speed.o [1]
Motor_I                 0x20000f28     0x4  Data  Gb  Speed.o [1]
Motor_P                 0x20000f24     0x4  Data  Gb  Speed.o [1]
MuBiaoSuDu              0x00017b38    0x80  Data  Gb  CarFont.o [1]
Myabsfloat              0x0000b9b9    0x12  Code  Gb  MyMath.o [1]
NVIC_DisableIRQ         0x0001565b    0x16  Code  Lc  VCAN_OV7725_Eagle.o [1]
NVIC_EnableIRQ          0x00015f8f    0x16  Code  Lc  Init.o [1]
NVIC_EnableIRQ          0x0000c1c5    0x18  Code  Lc  MK60_uart.o [1]
NVIC_EnableIRQ          0x00015645    0x16  Code  Lc  VCAN_OV7725_Eagle.o [1]
NVIC_SetPriority        0x00015fa5    0x26  Code  Lc  Init.o [1]
NVIC_SetPriorityGrouping
                        0x00015f71    0x1e  Code  Lc  Init.o [1]
NVIC_SystemReset        0x0000bff5    0x1a  Code  Lc  MK60_conf.o [1]
Nrf_Rx                  0x1fff121c    0x10  Data  Gb  Debug.o [1]
Nrf_Tx                  0x1fff120c    0x10  Data  Gb  Debug.o [1]
PIT1_IRQHandler         0x00014f35    0xf6  Code  Gb  IRQ.o [1]
PORTC_IRQHandler        0x0001502b    0x22  Code  Gb  IRQ.o [1]
PORTD_IRQHandler        0x0001504d    0x76  Code  Gb  IRQ.o [1]
PORTX                   0x1fff0be4    0x14  Data  Gb  MK60_port.o [1]
PWM_Duoji               0x1fff12c4     0x4  Data  Gb  Duoji.o [1]
PWM_Motor               0x20000f40     0x4  Data  Gb  Speed.o [1]
PWM_Overtake            0x20000f70     0x4  Data  Gb  Speed.o [1]
RSP_vCL_MAX             0x1fff0f6c     0x1  Data  Gb  Arithmetic.o [1]
RSP_vCL_MIN             0x1fff0f6d     0x1  Data  Gb  Arithmetic.o [1]
RSP_vHL_MIN             0x1fff0f70     0x1  Data  Gb  Arithmetic.o [1]
RSP_vWL_MAX             0x1fff0f6e     0x1  Data  Gb  Arithmetic.o [1]
RSP_vWL_MIN             0x1fff0f6f     0x1  Data  Gb  Arithmetic.o [1]
RX_ADDRESS              0x1fff0c38     0x8  Data  Gb  VCAN_NRF24L0.o [1]
Refind_L                0x0000a64d   0x25c  Code  Gb  ImageDeal.o [1]
Refind_R                0x0000a8b1   0x2c2  Code  Gb  ImageDeal.o [1]
Region$$Table$$Base     0x00018380           --   Gb  - Linker created -
Region$$Table$$Limit    0x00018390           --   Gb  - Linker created -
Reset_Handler           0x00000411          Code  Gb  startup_MK60DZ10.o [1]
ReversalPower_Slight    0x1fff0c10     0x4  Data  Gb  Speed.o [1]
ReversalPower_Urgency   0x1fff0c14     0x4  Data  Gb  Speed.o [1]
Right                   0x1fff75e0    0x78  Data  Gb  ImageDeal.o [1]
Right_Init              0x1fff043c     0x4  Data  Gb  ImageDeal.o [1]
RoadScan                0x1fff1168    0x3c  Data  Gb  Arithmetic.o [1]
RoadScan_Init           0x00012edd    0x3c  Code  Gb  Arithmetic.o [1]
RoadScan_Plan2          0x00012f19   0x1da  Code  Gb  Arithmetic.o [1]
RoadScan_Plan2::Res     0x1fff11a4    0x14  Data  Lc  Arithmetic.o [1]
RoadScan_RegionJudge    0x000130f3   0x1ea  Code  Gb  Arithmetic.o [1]
RoadScan_RegionJudgePart
                        0x000132dd   0x2e2  Code  Gb  Arithmetic.o [1]
RoadScan_StartLine      0x00013819   0x19a  Code  Gb  Arithmetic.o [1]
RoadScan_StartRegionJudge
                        0x000139b3   0x19e  Code  Gb  Arithmetic.o [1]
RoadScan_TriPoint       0x0001367d   0x19a  Code  Gb  Arithmetic.o [1]
RoadScan_Triangle       0x000135c1    0xbc  Code  Gb  Arithmetic.o [1]
RoadType                0x2000101a     0x1  Data  Gb  ImageDeal.o [1]
RoadType_AnotherCar     0x2000101c     0x1  Data  Gb  ImageDeal.o [1]
RoadType_Last           0x2000101b     0x1  Data  Gb  ImageDeal.o [1]
Row                     0x1fff7788     0x4  Data  Gb  ImageDeal.o [1]
Run                     0x00015b69    0x84  Code  Gb  main.o [1]
SCCB_Ack                0x00015ce1    0x3c  Code  Lc  VCAN_SCCB.o [1]
SCCB_GPIO_init          0x00015c27    0x28  Code  Gb  VCAN_SCCB.o [1]
SCCB_NoAck              0x00015d1d    0x3c  Code  Lc  VCAN_SCCB.o [1]
SCCB_ReadByte           0x00015ebd    0x2c  Code  Gb  VCAN_SCCB.o [1]
SCCB_ReadByte_one       0x00015ee9    0x86  Code  Lc  VCAN_SCCB.o [1]
SCCB_ReceiveByte        0x00015de9    0x54  Code  Lc  VCAN_SCCB.o [1]
SCCB_SendByte           0x00015da5    0x44  Code  Lc  VCAN_SCCB.o [1]
SCCB_Start              0x00015c4f    0x5e  Code  Lc  VCAN_SCCB.o [1]
SCCB_Stop               0x00015cad    0x34  Code  Lc  VCAN_SCCB.o [1]
SCCB_WaitAck            0x00015d59    0x4c  Code  Lc  VCAN_SCCB.o [1]
SCCB_WriteByte          0x00015e4d    0x28  Code  Gb  VCAN_SCCB.o [1]
SCCB_WriteByte_one      0x00015e75    0x48  Code  Lc  VCAN_SCCB.o [1]
SCCB_delay              0x00015c0d    0x1a  Code  Lc  VCAN_SCCB.o [1]
ST7735R_get_h           0x0000f7b9     0x6  Code  Gb  VCAN_LCD_ST7735R.o [1]
ST7735R_get_w           0x0000f7bf     0x6  Code  Gb  VCAN_LCD_ST7735R.o [1]
Send_Var                0x000119e5   0x214  Code  Gb  Debug.o [1]
SetZero                 0x00012121   0x242  Code  Gb  Debug.o [1]
ShiZi_D                 0x00017d38    0x60  Data  Gb  CarFont.o [1]
ShiZi_P                 0x00017938    0x80  Data  Gb  CarFont.o [1]
Sight                   0x1fff0440     0x4  Data  Gb  ImageDeal.o [1]
Sight_Init              0x1fff044c     0x4  Data  Gb  ImageDeal.o [1]
Sight_Init_Turn         0x1fff0458     0x4  Data  Gb  ImageDeal.o [1]
Sight_L                 0x1fff0444     0x4  Data  Gb  ImageDeal.o [1]
Sight_L_Init            0x1fff0450     0x4  Data  Gb  ImageDeal.o [1]
Sight_Last              0x1fff7758     0x4  Data  Gb  ImageDeal.o [1]
Sight_R                 0x1fff0448     0x4  Data  Gb  ImageDeal.o [1]
Sight_R_Init            0x1fff0454     0x4  Data  Gb  ImageDeal.o [1]
Sonic                   0x1fff11b8    0x14  Data  Gb  Arithmetic.o [1]
Sonic_AnotherState      0x20001018     0x1  Data  Gb  Debug.o [1]
Sonic_Calc              0x00013b81    0xa2  Code  Gb  Arithmetic.o [1]
Sonic_Init              0x00013b51    0x20  Code  Gb  Arithmetic.o [1]
SpeedAverage            0x20000f48     0x4  Data  Gb  Speed.o [1]
SpeedChase_KP           0x20000f0c     0x4  Data  Gb  Speed.o [1]
SpeedChase_Range        0x20000f08     0x4  Data  Gb  Speed.o [1]
SpeedFlag               0x2000102b     0x1  Data  Gb  Speed.o [1]
SpeedGoal               0x20000f18     0x4  Data  Gb  Speed.o [1]
SpeedMax                0x20000f00     0x4  Data  Gb  Speed.o [1]
SpeedMid                0x20000f04     0x4  Data  Gb  Speed.o [1]
SpeedMin                0x20000f14     0x4  Data  Gb  Speed.o [1]
SpeedNow                0x20001014     0x2  Data  Gb  Speed.o [1]
SpeedPID                0x00015519    0x8e  Code  Gb  Speed.o [1]
SpeedSet                0x0001534d    0x76  Code  Gb  Speed.o [1]
SpeedTime               0x20001024     0x1  Data  Gb  IRQ.o [1]
SpeedTriangle           0x20000f10     0x4  Data  Gb  Speed.o [1]
Speed_I                 0x20000f20     0x4  Data  Gb  Speed.o [1]
Speed_P                 0x20000f1c     0x4  Data  Gb  Speed.o [1]
StartLineCheck          0x0000b4c1    0x72  Code  Gb  ImageDeal.o [1]
StartSetZero            0x00011bf9    0x7c  Code  Gb  Debug.o [1]
StraightCheck           0x0000b69d    0x7e  Code  Gb  ImageDeal.o [1]
StraightNum             0x1fff7764     0x4  Data  Gb  ImageDeal.o [1]
TX_ADDRESS              0x1fff0c30     0x8  Data  Gb  VCAN_NRF24L0.o [1]
Time_Camera             0x1fff11d0     0x4  Data  Gb  Debug.o [1]
Time_Suanfa             0x1fff11d4     0x4  Data  Gb  Debug.o [1]
UARTN                   0x1fff0bf8    0x18  Data  Gb  MK60_uart.o [1]
UART_DataPortAddrTable  0x1fff0414    0x18  Data  Lc  DMA.o [1]
UART_ITDMAConfig        0x000126c9   0x108  Code  Gb  DMA.o [1]
UART_SendDMATriggerSourceTable
                        0x00018400    0x18  Data  Lc  DMA.o [1]
UART_SendWithDMA        0x000127d1    0x36  Code  Gb  DMA.o [1]
UD                      0x1fff12ac     0x4  Data  Gb  Duoji.o [1]
UP                      0x1fff12a8     0x4  Data  Gb  Duoji.o [1]
Uart_Buffer             0x1fff7864    0x78  Data  Gb  IRQ.o [1]
Uart_Buffer2            0x1fff78dc    0x14  Data  Gb  IRQ.o [1]
Uart_Count              0x1fff7794     0x4  Data  Gb  IRQ.o [1]
Uart_Count2             0x1fff7798     0x4  Data  Gb  IRQ.o [1]
Uart_Send_Buffer        0x1fff11d8    0x34  Data  Gb  Debug.o [1]
ValidLine               0x2000101f     0x1  Data  Gb  ImageDeal.o [1]
VarConfirm_Key          0x00011f45   0x16e  Code  Gb  Debug.o [1]
VarConfirm_Uart         0x00011ca9   0x23c  Code  Gb  Debug.o [1]
VarExchange             0x1fff122c     0xc  Data  Gb  Debug.o [1]
VarReceive              0x1fff7800    0x64  Data  Gb  IRQ.o [1]
VarSend                 0x1fff779c    0x64  Data  Gb  IRQ.o [1]
Var_Init                0x000116f9   0x1f4  Code  Gb  Debug.o [1]
Voltage                 0x1fff0410     0x4  Data  Gb  Debug.o [1]
VoltageTime             0x20001025     0x1  Data  Gb  IRQ.o [1]
WanQuXiShu              0x00017a38    0x80  Data  Gb  CarFont.o [1]
YingYanYuZhi            0x000177b8    0x80  Data  Gb  CarFont.o [1]
_GenldLargeNoMb         0x0000cfdd   0x240  Code  Lc  xprintflarge_nomb.o [3]
_LdtobLargeNoMb         0x0000cd77   0x23e  Code  Lc  xprintflarge_nomb.o [3]
_LitobLargeNoMb         0x0000cc27   0x10a  Code  Lc  xprintflarge_nomb.o [3]
_Locale_lconv           0x1fff0ee4    0x38  Data  Lc  xlocale_c.o [3]
_PrintfLargeNoMb        0x0000c6ad   0x190  Code  Gb  xprintflarge_nomb.o [3]
_Prout                  0x00018449    0x16  Code  Gb  xprout.o [3]
_PutcharsLargeNoMb      0x0000d21d    0x2e  Code  Lc  xprintflarge_nomb.o [3]
_PutfldLargeNoMb        0x0000c8bd   0x25c  Code  Lc  xprintflarge_nomb.o [3]
_PuttxtLargeNoMb        0x0000cb19   0x10e  Code  Lc  xprintflarge_nomb.o [3]
_SNProut                0x0000bd4f    0x1a  Code  Gb  xsnprout.o [3]
__BOOT_STACK_ADDRESS {Abs}
                        0x2000fff8          Data  Gb  command line/config [2]
__VECTOR_RAM {Abs}      0x1fff0000          Data  Gb  command line/config [2]
__VECTOR_TABLE {Abs}    0x00000000          Data  Gb  command line/config [2]
__aeabi_cdcmple         0x0000d695          Code  Gb  DblCmpLe.o [4]
__aeabi_d2f             0x000124a9          Code  Gb  DblToFlt.o [4]
__aeabi_d2iz            0x000158d1          Code  Gb  DblToS32.o [4]
__aeabi_d2uiz           0x0000d90d          Code  Gb  DblToU32.o [4]
__aeabi_dadd            0x0000da4d          Code  Gb  DblAdd.o [4]
__aeabi_ddiv            0x0000d6c5          Code  Gb  DblDiv.o [4]
__aeabi_dmul            0x0000d491          Code  Gb  DblMul.o [4]
__aeabi_dsub            0x0000d951          Code  Gb  DblSub.o [4]
__aeabi_f2d             0x0001590d          Code  Gb  FltToDbl.o [4]
__aeabi_i2d             0x00012485          Code  Gb  S32ToDbl.o [4]
__aeabi_ldiv0           0x0000da49          Code  Gb  I64DivZer.o [5]
__aeabi_memcpy          0x0000bca9          Code  Gb  ABImemcpy.o [5]
__aeabi_memcpy4         0x0000bcc9          Code  Gb  ABImemcpy.o [5]
__aeabi_memcpy8         0x0000bcc9          Code  Gb  ABImemcpy.o [5]
__aeabi_memset          0x00012e75          Code  Gb  ABImemset.o [5]
__aeabi_ui2d            0x0000d935          Code  Gb  U32ToDbl.o [4]
__aeabi_uldivmod        0x0000d3a1          Code  Gb  I64DivMod.o [5]
__cmain                 0x000183d1          Code  Gb  cmain.o [5]
__code_start__ {Abs}    0x00000410          Data  Gb  command line/config [2]
__exit                  0x0000dbc5          Code  Gb  XXexit.o [5]
__iar_Fail_s            0x0000d2cd    0x1e  Code  Gb  xfail_s.o [3]
__iar_Memchr            0x0000d349          Code  Gb  memchr.o [5]
__iar_Memset            0x00012e75          Code  Gb  ABImemset.o [5]
__iar_Memset_word       0x00012e7d          Code  Gb  ABImemset.o [5]
__iar_Stdout            0x1fff0f1c    0x48  Data  Gb  xfiles.o [3]
__iar_Strchr            0x0000d2b5          Code  Gb  strchr.o [5]
__iar_dadd              0x0000d961          Code  Gb  DblSub.o [4]
__iar_data_init3        0x000182c9    0x28  Code  Gb  data_init.o [5]
__iar_dsub              0x0000da5d          Code  Gb  DblAdd.o [4]
__iar_dsubStart         0x0000da6f          Code  Gb  DblAdd.o [4]
__iar_frexp             0x0000d631          Code  Gb  frexp.o [4]
__iar_frexpl            0x0000d631          Code  Gb  frexp.o [4]
__iar_init_vfp          0x0001835d          Code  Gb  fpinit_M.o [4]
__iar_program_start     0x0001854d          Code  Gb  cstartup_M.o [5]
__iar_softfp___iar_frexp64
                        0x0000d625          Code  Gb  frexp.o [4]
__iar_softfp_frexp      0x0000d625          Code  Gb  frexp.o [4]
__iar_softfp_frexpl     0x0000d625          Code  Gb  frexp.o [4]
__iar_systems$$module {Abs}
                        0x00000001          Data  Gb  command line/config [2]
__iar_zero_init3        0x0001824d    0x40  Code  Gb  zero_init3.o [5]
__low_level_init        0x000183eb     0x4  Code  Gb  low_level_init.o [3]
__vector_table          0x00000000   0x410  Data  Gb  vectors.o [1]
_call_main              0x000183dd          Code  Gb  cmain.o [5]
_exit                   0x000183f5          Code  Gb  cexit.o [5]
_main                   0x000183e7          Code  Gb  cmain.o [5]
a2                      0x1fff74d4     0x4  Data  Gb  ImageDeal.o [1]
abort                   0x0000da41     0x6  Code  Gb  abort.o [3]
abs                     0x00013c69     0x8  Code  Gb  abs.o [3]
abs_sub                 0x0000b9cb    0x12  Code  Gb  MyMath.o [1]
adc_init                0x000168ed   0x210  Code  Gb  MK60_adc.o [1]
ascii_8x16              0x00014934   0x600  Data  Gb  VCAN_ASCII.o [1]
assert_failed           0x0000c00f    0x26  Code  Gb  MK60_conf.o [1]
b2                      0x1fff74d8     0x4  Data  Gb  ImageDeal.o [1]
bus_clk_khz             0x20000f80     0x4  Data  Gb  system_MK60DZ10.o [1]
c2                      0x1fff74dc     0x4  Data  Gb  ImageDeal.o [1]
common_startup          0x000171a7    0x94  Code  Gb  system_MK60DZ10.o [1]
core_clk_khz            0x20000f78     0x4  Data  Gb  system_MK60DZ10.o [1]
core_clk_mhz            0x20000f7c     0x4  Data  Gb  system_MK60DZ10.o [1]
d2                      0x1fff74e0     0x4  Data  Gb  ImageDeal.o [1]
deal_key_event          0x000166b7   0x218  Code  Gb  VCAN_key_event.o [1]
default_isr             0x0000c0e3    0x34  Code  Gb  MK60_conf.o [1]
display                 0x0000f7e9   0xae0  Code  Gb  LCD.o [1]
dma_gpio_input_init     0x00015955    0x62  Code  Lc  MK60_dma.o [1]
dma_portx2buff_init     0x000159b7   0x162  Code  Gb  MK60_dma.o [1]
e2                      0x1fff74e4     0x4  Data  Gb  ImageDeal.o [1]
exit                    0x000183ef     0x4  Code  Gb  exit.o [3]
f2                      0x1fff74e8     0x4  Data  Gb  ImageDeal.o [1]
fanjiaozheng_x          0x0000bb01    0xbc  Code  Gb  JiaoZheng.o [1]
flag_camera_suan        0x20001030     0x1  Data  Gb  VCAN_OV7725_Eagle.o [1]
flash_cmd               0x1fff0f85    0x20  Code  Gb  MK60_flash.o [1]
flash_erase_sector      0x1fff0fc9    0x5c  Code  Gb  MK60_flash.o [1]
flash_init              0x1fff0fa5    0x24  Code  Gb  MK60_flash.o [1]
flash_write             0x1fff1025    0xb6  Code  Gb  MK60_flash.o [1]
fputc                   0x0000c035    0x14  Code  Gb  MK60_conf.o [1]
ftm_mod                 0x20000ef0    0x10  Data  Lc  MK60_ftm.o [1]
ftm_pwm_duty            0x00012bdb   0x126  Code  Gb  MK60_ftm.o [1]
ftm_pwm_init            0x00012a29   0x1b2  Code  Gb  MK60_ftm.o [1]
ftm_quad_clean          0x00012e33    0x28  Code  Gb  MK60_ftm.o [1]
ftm_quad_get            0x00012e07    0x2c  Code  Gb  MK60_ftm.o [1]
ftm_quad_init           0x00012d01   0x106  Code  Gb  MK60_ftm.o [1]
get_key_msg             0x0000c583    0x64  Code  Gb  VCAN_key.o [1]
get_var                 0x00011065    0x16  Code  Gb  VCAN_UI_VAR.o [1]
gpio_get                0x0000bedf    0x3e  Code  Gb  MK60_gpio.o [1]
gpio_init               0x0000bd69    0xbe  Code  Gb  MK60_gpio.o [1]
gpio_set                0x0000be27    0x7c  Code  Gb  MK60_gpio.o [1]
gpio_turn               0x0000bea3    0x3c  Code  Gb  MK60_gpio.o [1]
img_extract             0x00016249    0x98  Code  Gb  VCAN_camera.o [1]
jiaozheng_init          0x0000b9dd   0x124  Code  Gb  JiaoZheng.o [1]
jisuan_Middle           0x0000a44d   0x1c8  Code  Gb  ImageDeal.o [1]
jisuan_piancha          0x0000b3dd    0xdc  Code  Gb  ImageDeal.o [1]
jisuan_xielv_orginal    0x0000b8bd    0xf6  Code  Gb  MyMath.o [1]
judge_crossxieL         0x0000b061   0x378  Code  Gb  ImageDeal.o [1]
judge_crossxieR         0x0000ad21   0x30e  Code  Gb  ImageDeal.o [1]
judge_road              0x0000acf9    0x26  Code  Gb  ImageDeal.o [1]
key_IRQHandler          0x0000c5e7    0xae  Code  Gb  VCAN_key.o [1]
key_IRQHandler::keytime
                        0x20000fac     0xc  Data  Lc  VCAN_key.o [1]
key_check               0x0000c4f5    0x2a  Code  Gb  VCAN_key.o [1]
key_event_init          0x000166a9     0xe  Code  Gb  VCAN_key_event.o [1]
key_get                 0x0000c4db    0x1a  Code  Gb  VCAN_key.o [1]
key_init                0x0000c489    0x52  Code  Gb  VCAN_key.o [1]
key_msg                 0x20000f84    0x28  Data  Gb  VCAN_key.o [1]
key_msg_flag            0x2000102e     0x1  Data  Gb  VCAN_key.o [1]
key_msg_front           0x2000102c     0x1  Data  Gb  VCAN_key.o [1]
key_msg_rear            0x2000102d     0x1  Data  Gb  VCAN_key.o [1]
led                     0x0000bc37    0x3c  Code  Gb  VCAN_LED.o [1]
led_init                0x0000bbfd    0x3a  Code  Gb  VCAN_LED.o [1]
led_turn                0x0000bc73    0x32  Code  Gb  VCAN_LED.o [1]
localeconv              0x0000da35     0x4  Code  Gb  xlocale_c.o [3]
main                    0x00015b3d    0x2c  Code  Gb  main.o [1]
mcg_cfg                 0x1fff0b88    0x58  Data  Gb  MK60_mcg.o [1]
mcg_div                 0x1fff0be0     0x4  Data  Gb  MK60_mcg.o [1]
mcg_div_count           0x00016b65   0x316  Code  Gb  MK60_mcg.o [1]
memchr                  0x0000d349          Code  Gb  memchr.o [5]
new_tab                 0x20001031     0x1  Data  Gb  VCAN_UI_VAR.o [1]
num_info                0x1fff0d04   0x1e0  Data  Gb  VCAN_UI_VAR.o [1]
obuf                    0x20000fc0    0x50  Data  Lc  xfiles.o [3]
ov7725_eagle_cfgnum     0x1fff0f73     0x1  Data  Gb  VCAN_OV7725_Eagle.o [1]
ov7725_eagle_dma        0x00015755    0x14  Code  Gb  VCAN_OV7725_Eagle.o [1]
ov7725_eagle_get_img    0x00015769    0x54  Code  Gb  VCAN_OV7725_Eagle.o [1]
ov7725_eagle_img_buff   0x20000fb8     0x4  Data  Gb  VCAN_OV7725_Eagle.o [1]
ov7725_eagle_img_flag   0x1fff0f72     0x1  Data  Gb  VCAN_OV7725_Eagle.o [1]
ov7725_eagle_init       0x00015671    0x24  Code  Gb  VCAN_OV7725_Eagle.o [1]
ov7725_eagle_port_init  0x00015695    0x54  Code  Gb  VCAN_OV7725_Eagle.o [1]
ov7725_eagle_reg        0x1fff0c40    0x64  Data  Gb  VCAN_OV7725_Eagle.o [1]
ov7725_eagle_reg_init   0x000157bd    0xb2  Code  Lc  VCAN_OV7725_Eagle.o [1]
ov7725_eagle_vsync      0x000156e9    0x6c  Code  Gb  VCAN_OV7725_Eagle.o [1]
page                    0x20001010     0x2  Data  Gb  LCD.o [1]
pit_init                0x00013c71    0x6c  Code  Gb  MK60_PIT.o [1]
pit_time_get            0x00013d57    0x68  Code  Gb  MK60_PIT.o [1]
pit_time_start          0x00013cdd    0x7a  Code  Gb  MK60_PIT.o [1]
pll_init                0x00016e7b    0xb2  Code  Gb  MK60_mcg.o [1]
port_init               0x0000bf29    0x4a  Code  Gb  MK60_port.o [1]
port_init_NoALT         0x0000bf73    0x6a  Code  Gb  MK60_port.o [1]
printf                  0x0000c139    0x28  Code  Gb  printf.o [3]
putchar                 0x00018461     0xc  Code  Gb  putchar.o [3]
real_x                  0x1fff78f0  0x4b00  Data  Gb  JiaoZheng.o [1]
real_y                  0x1fffc3f0  0x4b00  Data  Gb  JiaoZheng.o [1]
save_var                0x00011033    0x32  Code  Gb  VCAN_UI_VAR.o [1]
save_var2buff           0x0001146d    0x1e  Code  Gb  VCAN_UI_VAR.o [1]
scale                   0x0000cd31    0x46  Code  Lc  xprintflarge_nomb.o [3]
sec_hand                0x20000fbc     0x4  Data  Lc  xfail_s.o [3]
send_key_msg            0x0000c51f    0x64  Code  Gb  VCAN_key.o [1]
set_sys_dividers        0x1fff1119    0x50  Code  Gb  MK60_mcg.o [1]
set_vector_handler      0x00016b2f    0x22  Code  Gb  misc.o [1]
st7735r_dir             0x2000102f     0x1  Data  Gb  VCAN_LCD_ST7735R.o [1]
st7735r_h               0x1fff0f68     0x2  Data  Gb  VCAN_LCD_ST7735R.o [1]
st7735r_w               0x1fff0f6a     0x2  Data  Gb  VCAN_LCD_ST7735R.o [1]
start                   0x0001713d    0x2e  Code  Gb  system_MK60DZ10.o [1]
start_check             0x0000c049    0x9a  Code  Gb  MK60_conf.o [1]
strchr                  0x0000d2b5          Code  Gb  strchr.o [5]
strlen                  0x0000d311          Code  Gb  strlen.o [5]
sysinit                 0x0001716b    0x3c  Code  Gb  system_MK60DZ10.o [1]
systick_delay           0x0000c161    0x36  Code  Gb  MK60_SysTick.o [1]
systick_delay_ms        0x0000c197    0x18  Code  Gb  MK60_SysTick.o [1]
uart0_handler           0x000150f7    0xc4  Code  Gb  IRQ.o [1]
uart5_handler           0x000151c1    0xfa  Code  Gb  IRQ.o [1]
uart_getchar            0x0000c3f1    0x1e  Code  Gb  MK60_uart.o [1]
uart_init               0x0000c1dd   0x214  Code  Gb  MK60_uart.o [1]
uart_putchar            0x0000c40f    0x1a  Code  Gb  MK60_uart.o [1]
uart_query              0x0000c429    0x18  Code  Gb  MK60_uart.o [1]
uart_rx_irq_en          0x0000c441    0x2a  Code  Gb  MK60_uart.o [1]
uarttemp                0x20001029     0x1  Data  Gb  IRQ.o [1]
v2                      0x1fff74ec     0x4  Data  Gb  ImageDeal.o [1]
var_addr                0x1fff0ca4    0x60  Data  Gb  VCAN_UI_VAR.o [1]
var_display             0x0001132b   0x142  Code  Gb  VCAN_UI_VAR.o [1]
var_init                0x00010fc5    0x6e  Code  Gb  VCAN_UI_VAR.o [1]
var_ok                  0x0001130f    0x1c  Code  Gb  VCAN_UI_VAR.o [1]
var_select              0x00011279    0x96  Code  Gb  VCAN_UI_VAR.o [1]
var_syn                 0x0001148b    0x6e  Code  Gb  VCAN_UI_VAR.o [1]
var_value               0x0001107b   0x1fe  Code  Gb  VCAN_UI_VAR.o [1]
vector_str              0x1fff045c   0x708  Data  Gb  MK60_conf.o [1]
vsnprintf               0x00011511    0x3c  Code  Gb  vsnprint.o [3]
wdog_disable            0x00017279    0x16  Code  Gb  MK60_wdog.o [1]
wdog_unlock             0x0001728f    0x20  Code  Lc  MK60_wdog.o [1]
write_vtor              0x00016b0d    0x22  Code  Gb  misc.o [1]


[1] = F:\01__飞思卡尔智能车\大产7-15\大产7-15\Prj\IAR\FN15_Debug\Obj
[2] = command line
[3] = dl7M_tlf.a
[4] = m7M_tls.a
[5] = rt7M_tl.a

  50 742 bytes of readonly  code memory
     500 bytes of readwrite code memory
  49 018 bytes of readonly  data memory
  68 142 bytes of readwrite data memory

Errors: none
Warnings: none
